❯ go                                                                                                
                                                                                                    
                                                                                                    
                                                                                                    
                                                                                                    
                                                                                                    
                                                                                                    
                                                                                                    
                                                                                                    
                                                                                                    
                                                                                                    
                                                                                                    
                                                                                                    
                                                                                                    
                                                                                                    
                                                                                                    
                                                                                                    
                                                                                                    
✳ Waiting for your answer                                                                           
──────────────────────────────────────────────────────────────────────────────────────────── craze ─
❯ message  / for commands                                                                           
────────────────────────────────────────────────────────────────────────────────────────────────────
╭──────────────────────────────────────────────────────────────────────────────────────────────────╮
│question 1/2  Pick one                                                                            │
│> 1 A                                                                                             │
│  2 B                                                                                             │
│1-9 pick · ↑↓ move · enter select · esc skip                                                      │
╰──────────────────────────────────────────────────────────────────────────────────────────────────╯
ws │ cursor │ Default (medium) │ agent │ 0m                                                         
▸▸ bypass permissions on                                                                            