❯ go                                                                            
✓ bash  go vet ./...  exit 127                                                  
  Command 'go' not found, but can be installed with:                            
done bash                                                                       
                                                                                
                                                                                
                                                                                
                                                                                
                                                                                
                                                                                
                                                                                
                                                                                
                                                                                
                                                                                
                                                                                
                                                                                
                                                                                
                                                                                
                                                                                
──────────────────────────────────────────────────────────────────────── craze ─
❯ message  / for commands                                                       
────────────────────────────────────────────────────────────────────────────────
ws │ cursor │ Default (medium) │ 0m                                             
◆ agent · shift+tab · ▸▸ bypass permissions on                                  