❯ go                                                                            
✓ bash  go vet ./...  exit 127                                                  
  Command 'go' not found, but can be installed with:                            
done bash                                                                       
                                                                                
                                                                                
                                                                                
                                                                                
                                                                                
                                                                                
                                                                                
                                                                                
                                                                                
                                                                                
                                                                                
                                                                                
                                                                                
                                                                                
                                                                                
                                                                                
────────────────────────────────────────────────────────────────────────────────
❯ message  / for commands                                                       
────────────────────────────────────────────────────────────────────────────────
default  medium  agent  yolo  ws  idle                                          