                                                                                                    
                                                                                                    
                                                                                                    
                                                                                                    
                                                                                                    
                                                                                                    
                                                                                                    
                                                                                                    
                                                                                                    
                                                                                                    
                                                                                                    
                                                                                                    
                                                                                                    
                                                                                                    
                                                                                                    
                                                                                                    
                                                                                                    
                                                                                                    
                                                                                                    
                                                                                                    
──────────────────────────────────────────────────────────────────────────────────────────── craze ─
❯ line 1 of the draft                                                                               
  line 2 of the draft                                                                               
  line 3 of the draft                                                                               
  line 4 of the draft                                                                               
  line 5 of the draft                                                                               
  line 6 of the draft                                                                               
────────────────────────────────────────────────────────────────────────────────────────────────────
ws │ cursor │ Grok (medium) │ 0m                                                                    
◆ agent · shift+tab · ▸▸ bypass permissions on                                                      