                                                                                                    
                                                                                                    
                                                                                                    
                                                                                                    
                                                                                                    
                                                                                                    
                                                                                                    
                                                                                                    
                                                                                                    
                                                                                                    
                                                                                                    
                                                                                                    
                                                                                                    
                                                                                                    
                                                                                                    
                                                                                                    
                                                                                                    
                                                                                                    
                                                                                                    
                                                                                                    
                                                                                                    
──────────────────────────────────────────────────────────────────────────────────────────── craze ─
❯ one                                                                                               
  two                                                                                               
  three                                                                                             
  four                                                                                              
  five                                                                                              
────────────────────────────────────────────────────────────────────────────────────────────────────
ws │ cursor │ Grok (medium) │ agent │ 0m                                                            
▸▸ bypass permissions on                                                                            