                                                                                                    
                                                                                                    
                                                                                                    
                                                                                                    
                                                                                                    
                                                                                                    
                                                                                                    
                                                                                                    
                                                                                                    
                                                                                                    
                                                                                                    
                                                                                                    
                                                                                                    
                                                                                                    
                                                                                                    
                                                                                                    
                                                                                                    
                                                                                                    
                                                                                                    
                                                                                                    
──────────────────────────────────────────────────────────────────────────────────────────── craze ─
  line 4 of the draft                                                                               
  line 5 of the draft                                                                               
  line 6 of the draft                                                                               
  line 7 of the draft                                                                               
  line 8 of the draft                                                                               
  line 9 of the draft                                                                               
────────────────────────────────────────────────────────────────────────────────────────────────────
ws │ cursor │ Grok (medium) │ agent │ 0m                                                            
▸▸ bypass permissions on                                                                            