❯ go                                                                            
✓ read  main.go                                                                 
✓ edit  main.go  +1 −1                                                          
     4                                                                          
     5   func main() {                                                          
     6 -     fmt.Println("hello")                                               
     6 +     fmt.Println("hello, world")                                        
     7   }                                                                      
done diff                                                                       
                                                                                
                                                                                
                                                                                
                                                                                
                                                                                
                                                                                
                                                                                
                                                                                
                                                                                
                                                                                
────────────────────────────────────────────────────────────────────────────────
❯ message  / for commands                                                       
────────────────────────────────────────────────────────────────────────────────
ws │ cursor │ Default (medium) │ agent │ 0m                                     
▸▸ bypass permissions on                                                        