❯ xxxxxxxxxxxxxxxxxxxxxxxxxxxxxxxxxxxxxxxxxxxxxxxxxxxxxxxxxxxxxxxxxxxxxxxxxxxx  
  xxxxxxxxxxxxxxxxxxxxxxxxxxxxxxxxxxxxxxxxxxxxxxxxxxxxxxxxxxxxxxxxxxxxxxxxxx    
  alphas bravo charlie delta echo foxtrot golf hotel india juliet kilo lima     
echo:                                                                           
xxxxxxxxxxxxxxxxxxxxxxxxxxxxxxxxxxxxxxxxxxxxxxxxxxxxxxxxxxxxxxxxxxxxxxxxxxxxxx  
xxxxxxxxxxxxxxxxxxxxxxxxxxxxxxxxxxxxxxxxxxxxxxxxxxxxxxxxxxxxxxxxxxxxxxxx        
alphas bravo charlie delta echo foxtrot golf hotel india juliet kilo lima       
                                                                                
                                                                                
                                                                                
                                                                                
                                                                                
                                                                                
                                                                                
                                                                                
                                                                                
                                                                                
                                                                                
                                                                                
──────────────────────────────────────────────────────────────────────── craze ─
❯ message  / for commands                                                       
────────────────────────────────────────────────────────────────────────────────
ws │ cursor │ Grok (medium) │ agent │ 0m                                        
▸▸ bypass permissions on                                                        