❯ go                                                                                                
PLAN plan                                                                                           
Steps                                                                                               
                                                                                                    
• read main.go                                                                                      
• edit main.go                                                                                      
                                                                                                    
                                                                                                    
                                                                                                    
                                                                                                    
                                                                                                    
                                                                                                    
                                                                                                    
                                                                                                    
                                                                                                    
                                                                                                    
                                                                                                    
                                                                                                    
                                                                                                    
                                                                                                    
                                                                                                    
                                                                                                    
✳ Waiting for your answer                                                                           
──────────────────────────────────────────────────────────────────────────────────────────── craze ─
❯ enter queues  ·  ctrl+l interjects                                                                
────────────────────────────────────────────────────────────────────────────────────────────────────
plan plan                                                                                           
[a]ccept  [r]eject  esc cancel                                                                      
ws │ grok │ Grok 4.6 (high) │ 0m                                                                    
◆ default · shift+tab · ▸▸ bypass permissions on                                                    