❯ Report the first line.                                                                            
✓ tool  read_file                                                                                   
hi                                                                                                  
                                                                                                    
                                                                                                    
                                                                                                    
                                                                                                    
                                                                                                    
                                                                                                    
                                                                                                    
                                                                                                    
                                                                                                    
                                                                                                    
                                                                                                    
                                                                                                    
                                                                                                    
                                                                                                    
                                                                                                    
                                                                                                    
                                                                                                    
                                                                                                    
                                                                                                    
✴ read_file · 0s                                                                                    
────────────────────────────────────────────────────────────── (grok-4.6) Report README first line ─
○ @explore · read-only · esc to return · tab next agent                                             
────────────────────────────────────────────────────────────────────────────────────────────────────
ws │ grok │ Grok 4.6 (high) │ 0m                                                                    
◆ default · shift+tab · ▸▸ bypass permissions on · ← 2 agents                                       
○ explore  List python files  0s · 4.7k tok                                                         
● explore  Report README first line  0s                                                             