❯ go the long way                                                                                   
+ Thought                                                                                           
✓ tool  Execute sleep && echo step1                                                                 
↳ Also say BANANA                                                                                   
✓ tool  Execute sleep && echo step2                                                                 
DONE step1 Also say BANANA step2                                                                    
                                                                                                    
                                                                                                    
                                                                                                    
                                                                                                    
                                                                                                    
                                                                                                    
                                                                                                    
                                                                                                    
                                                                                                    
                                                                                                    
                                                                                                    
                                                                                                    
                                                                                                    
                                                                                                    
                                                                                                    
                                                                                                    
                                                                                                    
                                                                                                    
                                                                                                    
──────────────────────────────────────────────────────────────────────────────────────────── craze ─
❯ message  / for commands                                                                           
────────────────────────────────────────────────────────────────────────────────────────────────────
ws │ grok │ Grok 4.6 (high) │ 0m                                                                    
◆ default · shift+tab · ▸▸ bypass permissions on                                                    