❯ go                                                                                                
                                                                                                    
                                                                                                    
                                                                                                    
                                                                                                    
                                                                                                    
                                                                                                    
                                                                                                    
                                                                                                    
                                                                                                    
                                                                                                    
                                                                                                    
                                                                                                    
                                                                                                    
                                                                                                    
                                                                                                    
                                                                                                    
                                                                                                    
✳ Waiting for your answer                                                                           
──────────────────────────────────────────────────────────────────────────────────────────── craze ─
❯ enter queues  ·  ctrl+l interjects                                                                
────────────────────────────────────────────────────────────────────────────────────────────────────
╭──────────────────────────────────────────────────────────────────────────────────────────────────╮
│question 1/2  Pick one                                                                            │
│> 1 A                                                                                             │
│  2 B                                                                                             │
│1-9 pick · ↑↓ move · enter select · esc skip                                                      │
╰──────────────────────────────────────────────────────────────────────────────────────────────────╯
ws │ grok │ Grok 4.6 (high) │ 0m                                                                    
◆ default · shift+tab · ▸▸ bypass permissions on                                                    