❯ go                                                                            
echo: go                                                                        
                                                                                
                                                                                
                                                                                
                                                                                
                                                                                
                                                                                
                                                                                
                                                                                
                                                                                
                                                                                
                                                                                
                                                                                
                                                                                
                                                                                
                                                                                
                                                                                
                                                                                
──────────────────────────────────────────────────────────────────────── craze ─
❯ message  / for commands                                                       
────────────────────────────────────────────────────────────────────────────────
ws │ grok │ Grok 4.6 (high) │ 0m                                                
◆ default · shift+tab · ▸▸ bypass permissions on                                