  ╭──────────────────────────────────╮  
  │help                              │  
  │sending and editing               │  
  │  enter             send the draf…│  
  │  ctrl+l            send now, c… ▼│  
  │↑↓ · pgup/pgdn · esc closes       │  
  ╰──────────────────────────────────╯  
──────────────────────────────── craze ─
❯ message  / for commands               
────────────────────────────────────────
ws │ cursor │ Grok (medium) │ 0m        
◆ agent · ▸▸ bypass permissions on      