                                                                                                    
                                                                                                    
                                                                                                    
                                                                                                    
                                                                                                    
                                                                                                    
                                                                                                    
                       ╭────────────────────────────────────────────────────╮                       
                       │model                                               │                       
                       │❯ gro                                               │                       
                       │· Grok                                       current│                       
                       │  effort  low  medium  [high]  xhigh  max           │                       
                       │  fast  [off]  on                                   │                       
                       │  context  [300k]  1m                               │                       
                       │> thinking  false  [true]                           │                       
                       │←→ change · tab cycles · type filters · enter · esc │                       
                       ╰────────────────────────────────────────────────────╯                       
                                                                                                    
                                                                                                    
                                                                                                    
                                                                                                    
                                                                                                    
                                                                                                    
                                                                                                    
                                                                                                    
──────────────────────────────────────────────────────────────────────────────────────────── craze ─
❯ message  / for commands                                                                           
────────────────────────────────────────────────────────────────────────────────────────────────────
ws │ cursor │ Grok (high) │ 0m                                                                      
◆ agent · shift+tab · ▸▸ bypass permissions on                                                      