  ╭──────────────────────────────────╮  
  │model                             │  
  │❯                                 │  
  │effort  low  [medium]  high       │  
  │fast  [off]  on                   │  
  │type to filter · ↑↓ · tab effort/…│  
  ╰──────────────────────────────────╯  
──────────────────────────────── craze ─
❯ message  / for commands               
────────────────────────────────────────
ws │ cursor │ Grok (medium) │ 0m        
◆ agent · ▸▸ bypass permissions on      