Signed in to ChatGPT as person@example.test.                                                        
You're using your ChatGPT plan.                                                                     
Eligible usage in this app uses your ChatGPT plan. Manage usage in your ChatGPT settings:           
https://chatgpt.com/settings/usage                                                                  
ChatGPT plan models: chatgpt/gpt-5.6-sol, chatgpt/gpt-6-astra                                       
New sessions offer the ChatGPT plan's models; to use them in this conversation, /exit and run       
craze -c.                                                                                           
                                                                                                    
                                                                                                    
                                                                                                    
                                                                                                    
                                                                                                    
                                                                                                    
                                                                                                    
                                                                                                    
                                                                                                    
                                                                                                    
                                                                                                    
                                                                                                    
                                                                                                    
                                                                                                    
                                                                                                    
                                                                                                    
                                                                                                    
                                                                                                    
──────────────────────────────────────────────────────────────────────────────────────────── craze ─
❯ message  / for commands                                                                           
────────────────────────────────────────────────────────────────────────────────────────────────────
ws │ native │ Alpha One (high) │ 0m                                                                 
◆ agent · shift+tab · ▸▸ bypass permissions on                                                      