❯ go                                                                            
working on it                                                                   
error: Finish or stop the running work first, then /connect.                    
                                                                                
                                                                                
                                                                                
                                                                                
                                                                                
                                                                                
                                                                                
                                                                                
                                                                                
                                                                                
                                                                                
                                                                                
                                                                                
                                                                                
                                                                                
✳ Working · 0s · esc to interrupt                                               
─────────────────────────────────────────────────────────────────────────── go ─
❯ enter queues  ·  ctrl+l interjects                                            
────────────────────────────────────────────────────────────────────────────────
ws │ native │ Echo │ 0m                                                         
◆ agent · shift+tab · ▸▸ bypass permissions on                                  