❯ Find every Go file and say what it does.                                                          
✓ read  main.go                                                                                     
main.go is the entry point                                                                          
                                                                                                    
                                                                                                    
                                                                                                    
                                                                                                    
                                                                                                    
                                                                                                    
                                                                                                    
                                                                                                    
                                                                                                    
                                                                                                    
                                                                                                    
                                                                                                    
                                                                                                    
                                                                                                    
                                                                                                    
                                                                                                    
                                                                                                    
                                                                                                    
                                                                                                    
                                                                                                    
                                                                                                    
───────────────────────────────────────────────────────────────────────────── (echo) Scan the repo ─
– @general-purpose · cancelled · stopped by the user · esc to return                                
────────────────────────────────────────────────────────────────────────────────────────────────────
ws │ native │ Echo │ 0m                                                                             
◆ agent · shift+tab · ▸▸ bypass permissions on                                                      
❯ ● general-purpose  Scan the repo  echo                                                            