Connected Gamma. Its models are in /model now.                                                      
                                                                                                    
                                                                                                    
                                                                                                    
                                                                                                    
                                                                                                    
                                                                                                    
                       ╭────────────────────────────────────────────────────╮                       
                       │model                                               │                       
                       │❯                                                   │                       
                       │> Alpha One                                         │                       
                       │  Alpha Two                                         │                       
                       │  Beta Fast                                         │                       
                       │  Beta Slow                                         │                       
                       │  Gamma Big                                         │                       
                       │  effort  low  [high]                               │                       
                       │type to filter · ↑↓ · tab effort · enter · esc      │                       
                       ╰────────────────────────────────────────────────────╯                       
                                                                                                    
                                                                                                    
                                                                                                    
                                                                                                    
                                                                                                    
                                                                                                    
                                                                                                    
──────────────────────────────────────────────────────────────────────────────────────────── craze ─
❯ message  / for commands                                                                           
────────────────────────────────────────────────────────────────────────────────────────────────────
ws │ native │ Alpha One (high) │ 0m                                                                 
◆ agent · shift+tab · ▸▸ bypass permissions on                                                      