❯ plan it                                                                                           
✓ ask  present the plan                                                                             
PLAN Ship the widget                                                                                
Ship the widget                                                                                     
                                                                                                    
1. read main.go                                                                                     
2. write the widget                                                                                 
plan Ship the widget → accepted                                                                     
                                                                                                    
                                                                                                    
                                                                                                    
                                                                                                    
                                                                                                    
                                                                                                    
                                                                                                    
                                                                                                    
                                                                                                    
                                                                                                    
                                                                                                    
                                                                                                    
                                                                                                    
                                                                                                    
                                                                                                    
                                                                                                    
                                                                                                    
────────────────────────────────────────────────────────────────────────────────────────── plan it ─
❯ enter implements this plan  ·  type to refine  ·  shift+tab leaves plan mode                      
────────────────────────────────────────────────────────────────────────────────────────────────────
ws │ native │ Echo │ 0m                                                                             
◆ plan · shift+tab · ▸▸ bypass permissions on                                                       