❯ hello                                                                                             
+ Thought                                                                                           
hi there                                                                                            
❯ /compact keep the greeting                                                                        
context compacted on request · 150k → 110k tokens                                                   
                                                                                                    
                                                                                                    
                                                                                                    
                                                                                                    
                                                                                                    
                                                                                                    
                                                                                                    
                                                                                                    
                                                                                                    
                                                                                                    
                                                                                                    
                                                                                                    
                                                                                                    
                                                                                                    
                                                                                                    
                                                                                                    
                                                                                                    
                                                                                                    
                                                                                                    
                                                                                                    
──────────────────────────────────────────────────────────────────────────────────────────── hello ─
❯ message  / for commands                                                                           
────────────────────────────────────────────────────────────────────────────────────────────────────
ws │ native │ Echo │ 0m                                                                             
◆ agent · shift+tab · ▸▸ bypass permissions on                                                      