❯ Find every Go file and say what it does.                                                          
✓ read  main.go                                                                                     
main.go is the entry point                                                                          
                                                                                                    
                                                                                                    
                                                                                                    
                                                                                                    
                                                                                                    
                                                                                                    
                                                                                                    
                                                                                                    
                                                                                                    
                                                                                                    
                                                                                                    
                                                                                                    
                                                                                                    
                                                                                                    
                                                                                                    
                                                                                                    
                                                                                                    
                                                                                                    
                                                                                                    
                                                                                                    
✳ main.go · 0s · 15 tok                                                                             
───────────────────────────────────────────────────────────────────────────── (echo) Scan the repo ─
○ @general-purpose · read-only · esc to return                                                      
────────────────────────────────────────────────────────────────────────────────────────────────────
ws │ native │ Echo │ 0m                                                                             
◆ agent · shift+tab · ▸▸ bypass permissions on · ← 1 agent                                          
❯ ● general-purpose  Scan the repo  0s · 15 tok                                                     