❯ hello                                                                         
+ Thought                                                                       
hi there                                                                        
                                                                                
                                                                                
                                                                                
                                                                                
                                                                                
                                                                                
                                                                                
                                                                                
                                                                                
                                                                                
                                                                                
                                                                                
                                                                                
                                                                                
                                                                                
                                                                                
──────────────────────────────────────────────────────────────────────── hello ─
❯ message  / for commands                                                       
────────────────────────────────────────────────────────────────────────────────
ws │ native │ Echo │ 0m                                                         
◆ agent · shift+tab · ▸▸ bypass permissions on                                  