❯ go                                                                            
– agent  Find TODOs  echo                                                       
✓ agent  Summarise README  two                                                  
one stopped, one answered                                                       
                                                                                
                                                                                
                                                                                
                                                                                
                                                                                
                                                                                
                                                                                
                                                                                
                                                                                
                                                                                
                                                                                
                                                                                
                                                                                
─────────────────────────────────────────────────────────────────────────── go ─
❯ message  / for commands                                                       
────────────────────────────────────────────────────────────────────────────────
ws │ native │ Echo │ 0m                                                         
◆ agent · shift+tab · ▸▸ bypass permissions on                                  
❯ – general-purpose  Find TODOs  echo                                           
  ✓ general-purpose  Summarise README  two                                      