                                                                                                    
                                                                                                    
                                                                                                    
                                                                                                    
                                                                                                    
                                                                                                    
                                                                                                    
                                                                                                    
                                                                                                    
                                                                                                    
                                                                                                    
                                                                                                    
                                                                                                    
                                                                                                    
                                                                                                    
                                                                                                    
                                                                                                    
                                                                                                    
                                                                                                    
                                                                                                    
                                                                                                    
                                                                                                    
                                                                                                    
❯ /linux-test   run the Linux tests (project)                                                       
  /linux-notes  the user's own notes (user)                                                         
──────────────────────────────────────────────────────────────────────────────────────────── craze ─
❯ /lin                                                                                              
────────────────────────────────────────────────────────────────────────────────────────────────────
ws │ native │ Echo │ 0m                                                                             
▸▸ bypass permissions on                                                                            