❯ go                                                                            
✓ agent  Scan the repo  1.2s · echo                                             
✗ agent  Break it  0.8s · echo                                                  
one answered, one broke                                                         
                                                                                
                                                                                
                                                                                
                                                                                
                                                                                
                                                                                
                                                                                
                                                                                
                                                                                
                                                                                
                                                                                
                                                                                
                                                                                
─────────────────────────────────────────────────────────────────────────── go ─
❯ message  / for commands                                                       
────────────────────────────────────────────────────────────────────────────────
ws │ native │ Echo │ 0m                                                         
◆ agent · shift+tab · ▸▸ bypass permissions on                                  
  ✓ general-purpose  Scan the repo  1.2s · echo                                 
  ✗ general-purpose  Break it  0.8s · echo                                      