❯ Read README.md and summarise it.                                                                  
✓ read  README.md                                                                                   
README.md is one heading                                                                            
                                                                                                    
                                                                                                    
                                                                                                    
                                                                                                    
                                                                                                    
                                                                                                    
                                                                                                    
                                                                                                    
                                                                                                    
                                                                                                    
                                                                                                    
                                                                                                    
                                                                                                    
                                                                                                    
                                                                                                    
                                                                                                    
                                                                                                    
                                                                                                    
                                                                                                    
✳ README.md · 0s · 15 tok                                                                           
─────────────────────────────────────────────────────────────────────────── (two) Summarise README ─
○ @general-purpose · read-only · esc to return · tab next agent · del to stop                       
────────────────────────────────────────────────────────────────────────────────────────────────────
ws │ native │ Echo │ 0m                                                                             
◆ agent · shift+tab · ▸▸ bypass permissions on · ← 2 agents                                         
  ○ general-purpose  Summarise main  0s · 15 tok                                                    
❯ ● general-purpose  Summarise README  0s · 15 tok                                                  