❯ what should we do                                                                                 
still planning                                                                                      
                                                                                                    
                                                                                                    
                                                                                                    
                                                                                                    
                                                                                                    
                                                                                                    
                                                                                                    
                                                                                                    
                                                                                                    
                                                                                                    
                                                                                                    
                                                                                                    
                                                                                                    
                                                                                                    
                                                                                                    
                                                                                                    
                                                                                                    
                                                                                                    
                                                                                                    
                                                                                                    
                                                                                                    
                                                                                                    
                                                                                                    
──────────────────────────────────────────────────────────────────────────────── what should we do ─
❯ enter implements this plan  ·  type to refine  ·  shift+tab leaves plan mode                      
────────────────────────────────────────────────────────────────────────────────────────────────────
ws │ native │ Echo │ 0m                                                                             
◆ plan · shift+tab · ▸▸ bypass permissions on                                                       