Signed in to ChatGPT as person@example.test, but ChatGPT plan usage is off: the account did not     
allow craze to use its ChatGPT plan, so the plan's models cannot be used.                           
To turn it on, sign in again with /connect and allow ChatGPT plan usage when ChatGPT asks.          
                                                                                                    
                                                                                                    
                                                                                                    
                                                                                                    
                                                                                                    
                                                                                                    
                                                                                                    
                                                                                                    
                                                                                                    
                                                                                                    
                                                                                                    
                                                                                                    
                                                                                                    
                                                                                                    
                                                                                                    
                                                                                                    
                                                                                                    
                                                                                                    
                                                                                                    
                                                                                                    
                                                                                                    
                                                                                                    
──────────────────────────────────────────────────────────────────────────────────────────── craze ─
❯ message  / for commands                                                                           
────────────────────────────────────────────────────────────────────────────────────────────────────
ws │ native │ Alpha One (high) │ 0m                                                                 
◆ agent · shift+tab · ▸▸ bypass permissions on                                                      