❯ hello                                                                         
the first answer                                                                
❯ again                                                                         
the second answer                                                               
                                                                                
                                                                                
                                                                                
                                                                                
                                                                                
                                                                                
                                                                                
                                                                                
                                                                                
                                                                                
                                                                                
                                                                                
                                                                                
                                                                                
                                                                                
──────────────────────────────────────────────────────────────────────── hello ─
❯ message  / for commands                                                       
────────────────────────────────────────────────────────────────────────────────
ws │ native │ Echo │ 34% ctx · $0.07 / $0.27 │ 0m                               
◆ agent · shift+tab · ▸▸ bypass permissions on                                  