❯ go                                                                                                
                                                                                                    
                                                                                                    
                                                                                                    
                                                                                                    
                                                                                                    
                                                                                                    
                                                                                                    
                                                                                                    
                                                                                                    
                                                                                                    
                                                                                                    
                                                                                                    
                                                                                                    
                                                                                                    
                                                                                                    
                                                                                                    
                                                                                                    
                                                                                                    
                                                                                                    
                                                                                                    
                                                                                                    
                                                                                                    
✳ Waiting for your answer                                                                           
──────────────────────────────────────────────────────────────────────────────────────────── craze ─
❯ enter queues  ·  ctrl+l sends now                                                                 
────────────────────────────────────────────────────────────────────────────────────────────────────
permission Shell  [a]llow once  [A]lways  [n] reject                                                
ws │ cursor │ Default (medium) │ 0m                                                                 
◆ agent · shift+tab · ▸ prompting for permissions                                                   