                                                                                                    
                                                                                                    
                                                                                                    
                                                                                                    
                                                                                                    
                                                                                                    
                                                                                                    
                                                                                                    
                                                                                                    
                                                                                                    
                                                                                                    
                                                                                                    
                                                                                                    
                                                                                                    
                                                                                                    
                                                                                                    
                                                                                                    
                                                                                                    
                                                                                                    
                                                                                                    
                                                                                                    
                                                                                                    
                                                                                                    
❯ /probe-echo   Probe command — replies with a marker (probe-plugin)                                
  /probe-skill  Probe skill — replies with a marker (probe-plugin)                                  
──────────────────────────────────────────────────────────────────────────────────────────── craze ─
❯ /probe-plugin:                                                                                    
────────────────────────────────────────────────────────────────────────────────────────────────────
ws │ cursor │ Default (medium) │ 0m                                                                 
◆ agent · shift+tab · ▸▸ bypass permissions on                                                      