  ╭──────────────────────────────────╮  
  │provider                          │  
  │> cursor     unavailable · default│  
  │  grok                            │  
  │cursor-agent not found on PATH    │  
  │↑↓ · tab · enter starts · esc use…│  
  ╰──────────────────────────────────╯  
──────────────────────────────── craze ─
❯ message  / for commands               
────────────────────────────────────────
ws                                      
▸▸ bypass permissions on                