                                                                                                    
                                                                                                    
                                                                                                    
                                                                                                    
                                                                                                    
                                                                                                    
                                                                                                    
                                                                                                    
                                                                                                    
                       ╭────────────────────────────────────────────────────╮                       
                       │provider                                            │                       
                       │> cursor                                     default│                       
                       │  grok                                              │                       
                       │↑↓ · tab · enter starts · esc uses default          │                       
                       ╰────────────────────────────────────────────────────╯                       
                                                                                                    
                                                                                                    
                                                                                                    
                                                                                                    
                                                                                                    
                                                                                                    
                                                                                                    
                                                                                                    
                                                                                                    
                                                                                                    
──────────────────────────────────────────────────────────────────────────────────────────── craze ─
❯ message  / for commands                                                                           
────────────────────────────────────────────────────────────────────────────────────────────────────
ws                                                                                                  
▸▸ bypass permissions on                                                                            