  ╭──────────────────────────────────╮  
  │provider                          │  
  │  cursor                          │  
  │  grok                            │  
  │> gx                       default│  
  │↑↓ · tab · enter starts · esc use…│  
  ╰──────────────────────────────────╯  
──────────────────────────────── craze ─
❯ message  / for commands               
────────────────────────────────────────
ws                                      
▸▸ bypass permissions on                