❯ go the long way                       
+ Thought                               
⟳ tool  Execute sleep && echo step1     
                                        
                                        
                                        
✳ Working · 0s · esc to interrupt       
──────────────────────────────── craze ─
❯ enter queues  ·  ctrl+l sends now     
────────────────────────────────────────
ws │ cursor │ Default (medium) │ 0m     
◆ agent · ▸▸ bypass permissions on      