❯ go the long way                                                                                   
+ Thought                                                                                           
⟳ tool  Execute sleep && echo step1                                                                 
                                                                                                    
                                                                                                    
                                                                                                    
                                                                                                    
                                                                                                    
                                                                                                    
                                                                                                    
                                                                                                    
                                                                                                    
                                                                                                    
                                                                                                    
                                                                                                    
                                                                                                    
                                                                                                    
                                                                                                    
                                                                                                    
                                                                                                    
                                                                                                    
                                                                                                    
  #1 Reply with PINEAPPLE                                                 [send now] [edit] [cancel]
  #2 Reply with MANGO                                                                               
✳ Working · 0s · esc to interrupt                                                                   
──────────────────────────────────────────────────────────────────────────────────────────── craze ─
❯ enter queues  ·  ctrl+l sends now                                                                 
────────────────────────────────────────────────────────────────────────────────────────────────────
ws │ cursor │ Default (medium) │ 0m                                                                 
◆ agent · shift+tab · ▸▸ bypass permissions on · ⧗ 2 queued                                         