❯ go the long way                                                                                   
+ Thought                                                                                           
⟳ tool  Execute sleep && echo step1                                                                 
                                                                                                    
                                                                                                    
                                                                                                    
                                                                                                    
                                                                                                    
                                                                                                    
                                                                                                    
                                                                                                    
                                                                                                    
                                                                                                    
                                                                                                    
                                                                                                    
                                                                                                    
                                                                                                    
                                                                                                    
                                                                                                    
                                                                                                    
                                                                                                    
                                                                                                    
                                                                                                    
                                                                                                    
✳ Working · 0s · esc to interrupt                                                                   
──────────────────────────────────────────────────────────────────────────────────────────── craze ─
cancel the running turn and send? enter · esc                                                       
────────────────────────────────────────────────────────────────────────────────────────────────────
ws │ cursor │ Default (medium) │ 0m                                                                 
◆ agent · shift+tab · ▸▸ bypass permissions on                                                      