 sessions  9 running         ! 2 need you   ✳ 3 working   ✗ 1 failed   ○ 2 idle 
                                                                                
needs you 2 ────────────────────────────────────────────────────────────────────
  ! fix the roost tab re…  permission: cargo test -p r…  grok    roost        2m
  ! add persistence to t…  question: Which storage?      native  lumen       14m
                                                                                
working 3 ──────────────────────────────────────────────────────────────────────
  ✳ new session            Starting…                     grok    shed         3s
  ✳ write the v0.1.0 rel…  Responding                    native  craze · h…   1m
  ✳ move queue edits ont…  go test ./internal/remote/.…  cursor  craze       12m
                                                                                
failed 1 ───────────────────────────────────────────────────────────────────────
  ✗ bump the flutter deps  error: 402 Payment Required…  native  spendwise    3h
                                                                                
idle 2 ─────────────────────────────────────────────────────────────────────────
❯ ○ triage the flaky pty…  Found it: os.NewFile(0) rac…  grok    craze        1h
  ○ port the docs site     waiting for a… · craze 0.0.9  gx      folio          
                                                                                
unreachable 1 ──────────────────────────────────────────────────────────────────
  ? spike the prox sweep   not answering                 native  prox        20m
                                                                                
  ▸ saved · 3 not running ──────────────────────────────────────────────────────
────────────────────────────────────────────────────────────────────────────────
 ctrl+x again closes it; the transcript stays resumable                         