 sessions  9 running         ! 2 need you   ✳ 3 working   ✗ 1 failed   ○ 2 idle 
                                                                                
needs you 2 ────────────────────────────────────────────────────────────────────
  ! fix the roost tab re…  permission: cargo test -p r…  grok    roost        2m
  ! add persistence to t…  question: Which storage?      native  lumen       14m
                                                                                
working 3 ──────────────────────────────────────────────────────────────────────
  ✳ new session            Starting…                     grok    shed         3s
❯ ✳ write the v0.1.0 rel…  Responding                    native  craze · h…   1m
    ↓ more below                                                                
──────────────────────────────────────────────────────── folders in ~/projects ─
❯ craze/      ~/projects/craze                                                  
  folio/      ~/projects/folio                                                  
  lumen/      ~/projects/lumen                                                  
  pharos/     ~/projects/pharos                                                 
  prox/       ~/projects/prox                                                   
  roost/      ~/projects/roost                                                  
  shed/       ~/projects/shed                                                   
  spendwise/  ~/projects/spendwise                                              
  ↓ 1 more                                                                      
─────────────────────────────── new session → ~/projects/craze · cursor · Grok ─
❯ @~/projects/                                                                  
────────────────────────────────────────────────────────────────────────────────
 ↑↓ choose · tab open folder · enter use it · esc close                         