 sessions  1 running                                                   ○ 1 idle 
                                                                                
idle 1 ─────────────────────────────────────────────────────────────────────────
❯ ○ write the v0.1.0 rel…  The notes are in CHANGELOG.…  native  craze · h…   4m
                                                                                
  No other sessions.                                                            
                                                                                
                                                                                
                                                                                
                                                                                
                                                                                
                                                                                
                                                                                
                                                                                
                                                                                
                                                                                
                                                                                
                                                                                
                                                                                
                                                                                
                                                                                
                                                                                
────────────────────────────────────────────────────────────────────────────────
 enter back to it · ctrl+x close · ctrl+s by directory · ← back                 