─ new session · cursor · ~/projects/lumen ───────────────────────── ← sessions ─
                                                                                
                                                                                
                                                                                
                                                                                
                                                                                
                                                                                
                                                                                
                                                                                
                                                                                
                                                                                
                                                                                
                                                                                
                                                                                
                                                                                
                                                                                
                                                                                
                                                                                
                                                                                
──────────────────────────────────────────────────────────────────────── craze ─
❯ type the first prompt to start this session                                   
────────────────────────────────────────────────────────────────────────────────
lumen │ cursor │ Grok                                                           
▸▸ bypass permissions on                                                        