                                                                                                    
                                                                                                    
                                                                                                    
                                                                                                    
                                                                                                    
                                                                                                    
                                                                                                    
                                                                                                    
                                                                                                    
                                                                                                    
                                                                                                    
                                                                                                    
                                                                                                    
                                                                                                    
                                                                                                    
                                                                                                    
                                                                                                    
  /tasks            Tasks panel: compact, expanded, hidden                                   11/33 ▲
  /theme            Theme picker, or /theme <name>                                                  
  /plan             Set plan mode                                                                   
  /ask              Set ask mode                                                                    
  /agent            Set agent mode                                                                  
  /exit             Quit craze                                                                      
  /alpha-review     Review the working tree and report the findings worth acting on before the next…
❯ /bravo-search     Search the whole repository for a symbol and summarise every call site it tur… ▼
──────────────────────────────────────────────────────────────────────────────────────────── craze ─
❯ /                                                                                                 
────────────────────────────────────────────────────────────────────────────────────────────────────
ws │ cursor │ Default (medium) │ 0m                                                                 
◆ agent · shift+tab · ▸▸ bypass permissions on                                                      