                                                                                                    
                                                                                                    
                                                                                                    
                                                                                                    
                                                                                                    
                                                                                                    
                                                                                                    
                                                                                                    
                                                                                                    
                                                                                                    
                                                                                                    
                                                                                                    
                                                                                                    
                                                                                                    
                                                                                                    
                                                                                                    
                                                                                                    
❯ /help             Keybindings and commands                                                    1/34
  /model            Switch model                                                                    
  /clear            Clear transcript                                                                
  /tasks            Tasks panel: compact, expanded, hidden                                          
  /theme            Theme picker, or /theme <name>                                                  
  /rename           Rename this session, /rename <title>                                            
  /plan             Set plan mode                                                                   
  /ask              Set ask mode                                                                   ▼
──────────────────────────────────────────────────────────────────────────────────────────── craze ─
❯ /                                                                                                 
────────────────────────────────────────────────────────────────────────────────────────────────────
ws │ cursor │ Default (medium) │ 0m                                                                 
◆ agent · shift+tab · ▸▸ bypass permissions on                                                      