                                                                                                    
                                                                                                    
                                                                                                    
                                                                                                    
                                                                                                    
                                                                                                    
                                                                                                    
                                                                                                    
                                                                                                    
                                                                                                    
                                                                                                    
                                                                                                    
                                                                                                    
                                                                                                    
                                                                                                    
                                                                                                    
                                                                                                    
                                                                                                    
                                                                                                    
                                                                                                    
                                                                                                    
                                                                                                    
                                                                                                    
                                                                                                    
                                                                                                    
──────────────────────────────────────────────────────────────────────────────────────────── craze ─
❯ /tasks                                                                                            
────────────────────────────────────────────────────────────────────────────────────────────────────
ws │ cursor │ Default (medium) │ 0m                                                                 
◆ agent · shift+tab · ▸▸ bypass permissions on                                                      