                                                                                                    
                                                                                                    
                                                                                                    
                                                                                                    
                                                                                                    
                                                                                                    
                                                                                                    
                                                                                                    
                                                                                                    
                                                                                                    
                                                                                                    
                                                                                                    
                                                                                                    
                                                                                                    
                                                                                                    
                                                                                                    
                                                                                                    
                                                                                                    
                                                                                                    
                                                                                                    
                                                                                                    
                                                                                                    
                                                                                                    
                                                                                                    
❯ /multiline-note  Draws on one line. The newline in this description must not split the row.       
──────────────────────────────────────────────────────────────────────────────────────────── craze ─
❯ /multiline                                                                                        
────────────────────────────────────────────────────────────────────────────────────────────────────
ws │ cursor │ Default (medium) │ 0m                                                                 
◆ agent · shift+tab · ▸▸ bypass permissions on                                                      