                                                                                
                                                                                
                                                                                
  /clear            Clear transcript                                      6/34 ▲
  /tasks            Tasks panel: compact, expanded, hidden                      
  /theme            Theme picker, or /theme <name>                              
❯ /rename           Rename this session, /rename <title>                       ▼
──────────────────────────────────────────────────────────────────────── craze ─
❯ /                                                                             
────────────────────────────────────────────────────────────────────────────────
ws │ cursor │ Default (medium) │ 0m                                             
◆ agent · shift+tab · ▸▸ bypass permissions on                                  