                                                            
                                                            
                                                            
                                                            
                                                            
                                                            
                                                            
                                                            
                                                            
                                                            
                                                            
                                                            
                                                            
                                                            
                                                            
                                                            
                                                            
                                                            
                                                            
──────────────────────────────────────────────────── craze ─
❯ message  / for commands                                   
────────────────────────────────────────────────────────────
ws │ cursor │ Grok (medium) │ agent │ 0m                    
▸▸ bypass permissions on                                    