❯ go                                                                            
✓ agent  Subagent research                                                      
✓ bash  echo hi                                                                 
done tasks                                                                      
                                                                                
                                                                                
                                                                                
                                                                                
                                                                                
                                                                                
                                                                                
                                                                                
                                                                                
                                                                                
                                                                                
                                                                                
                                                                                
                                                                                
──────────────────────────────────────────────────────────────────────── craze ─
❯ message  / for commands                                                       
────────────────────────────────────────────────────────────────────────────────
ws │ cursor │ Default (medium) │ agent │ 0m                                     
▸▸ bypass permissions on                                                        
✓ task  Subagent research                                                       