❯ go                                                                            
✓ agent  Count main.go lines  8.0s · grok-4.6-high-fast                         
done task                                                                       
                                                                                
                                                                                
                                                                                
                                                                                
                                                                                
                                                                                
                                                                                
                                                                                
                                                                                
                                                                                
                                                                                
                                                                                
                                                                                
                                                                                
                                                                                
                                                                                
                                                                                
────────────────────────────────────────────────────────────────────────────────
❯ message  / for commands                                                       
────────────────────────────────────────────────────────────────────────────────
default  medium  agent  yolo  ws  idle                                          