❯ go                                                                            
✓ agent  Count main.go lines  8.0s · grok-4.6-high-fast                         
done task                                                                       
                                                                                
                                                                                
                                                                                
                                                                                
                                                                                
                                                                                
                                                                                
                                                                                
                                                                                
                                                                                
                                                                                
                                                                                
                                                                                
                                                                                
                                                                                
────────────────────────────────────────────────────────────────────────────────
❯ message  / for commands                                                       
────────────────────────────────────────────────────────────────────────────────
ws │ cursor │ Default (medium) │ agent │ 0m                                     
▸▸ bypass permissions on                                                        
✓ task  Count main.go lines  8.0s · grok-4.6-high-fast                          