❯ go                                                                            
✓ agent  Subagent research                                                      
✓ bash  echo hi                                                                 
done tasks                                                                      
                                                                                
                                                                                
                                                                                
                                                                                
                                                                                
                                                                                
                                                                                
                                                                                
                                                                                
                                                                                
                                                                                
                                                                                
                                                                                
                                                                                
──────────────────────────────────────────────────────────────────────── craze ─
❯ message  / for commands                                                       
────────────────────────────────────────────────────────────────────────────────
ws │ cursor │ Default (medium) │ 0m                                             
◆ agent · shift+tab · ▸▸ bypass permissions on                                  
  ✓ task  Subagent research                                                     