❯ go                                                                            
✓ agent  Subagent research                                                      
✓ bash  echo hi                                                                 
done tasks                                                                      
                                                                                
                                                                                
                                                                                
                                                                                
                                                                                
                                                                                
                                                                                
                                                                                
                                                                                
                                                                                
                                                                                
                                                                                
                                                                                
                                                                                
╭──────────────────────────────────────────────────────────────────────────────╮
│ message  / for commands                                                      │
│                                                                              │
│                                                                              │
╰──────────────────────────────────────────────────────────────────────────────╯
default  medium  agent  yolo  ws  idle                                          