                                                                                                    
                                                                                                    
                                                                                                    
                                                                                                    
                                                                                                    
                                                                                                    
                                                                                                    
                                                                                                    
                                                                                                    
                                                                                                    
                                                                                                    
                                                                                                    
                                                                                                    
                                                                                                    
                                                                                                    
╭──────────────────────────────────────────────────────────────────────────────────────────────────╮
│theme  (enter keep, esc revert)                                                                   │
│> 1 craze-dark                                                                                    │
│  2 craze-light                                                                                   │
│  3 tokyo-night                                                                                   │
│  4 dark                                                                                          │
│  5 light                                                                                         │
│  6 catppuccin                                                                                    │
│  7 gruvbox                                                                                       │
╰──────────────────────────────────────────────────────────────────────────────────────────────────╯
────────────────────────────────────────────────────────────────────────────────────────────────────
❯ message  / for commands                                                                           
────────────────────────────────────────────────────────────────────────────────────────────────────
ws │ cursor │ Grok (medium) │ agent │ 0m                                                            
▸▸ bypass permissions on                                                                            