❯ go                                                                            
tasks: 3 planned                                                                
planningdone todos                                                              
                                                                                
                                                                                
                                                                                
                                                                                
                                                                                
                                                                                
                                                                                
                                                                                
                                                                                
                                                                                
                                                                                
                                                                                
                                                                                
                                                                                
                                                                                
╭──────────────────────────────────────────────────────────────────────────────╮
│ message  / for commands                                                      │
│                                                                              │
│                                                                              │
╰──────────────────────────────────────────────────────────────────────────────╯
default  medium  agent  yolo  ws  idle                                          