❯ go                                                                            
tasks: 3 planned                                                                
planningdone todos                                                              
                                                                                
                                                                                
                                                                                
                                                                                
                                                                                
                                                                                
                                                                                
                                                                                
                                                                                
                                                                                
                                                                                
                                                                                
                                                                                
                                                                                
                                                                                
TASKS 1/3                                                                       
──────────────────────────────────────────────────────────────────────── craze ─
❯ message  / for commands                                                       
────────────────────────────────────────────────────────────────────────────────
ws │ cursor │ Default (medium) │ agent │ 0m                                     
▸▸ bypass permissions on                                                        