❯ go                                                                                                
tasks: 3 planned                                                                                    
planningdone todos                                                                                  
                                                                                                    
                                                                                                    
                                                                                                    
                                                                                                    
                                                                                                    
                                                                                                    
                                                                                                    
                                                                                                    
                                                                                                    
                                                                                                    
                                                                                                    
                                                                                                    
                                                                                                    
                                                                                                    
                                                                                                    
                                                                                                    
                                                                                                    
                                                                                                    
                                                                                                    
                                                                                                    
TASKS 1/3                                                                                           
┃ ▸ Edit main.go                                                                                    
┃ ○ Run go vet                                                                                      
────────────────────────────────────────────────────────────────────────────────────────────────────
❯ message  / for commands                                                                           
────────────────────────────────────────────────────────────────────────────────────────────────────
default  medium  agent  yolo  ws  idle                                                              